{
  "costs": "0",
  "costsRead": "0",
  "volumes": "0",
  "volumesRead": "0",
  "pages": "0",
  "pagesRead": "0"
}
