{
  "costs": "3,870",
  "costsRead": "2,880",
  "volumes": "5",
  "volumesRead": "2",
  "pages": "1,723",
  "pagesRead": "1,220"
}
