[
  {
    "label": "購入額",
    "year": "2025",
    "month": "2月",
    "data": "1960"
  },
  {
    "label": "購入冊数",
    "year": "2025",
    "month": "2月",
    "data": "2"
  },
  {
    "label": "購入ページ数",
    "year": "2025",
    "month": "2月",
    "data": "494"
  }
]
